== grid (default theme) ==
# 24x8
┌─CPU──────┐.┌─Memory──┐
│ok........│.│ok.......│
│..........│.│.........│
└──────────┘.└─────────┘
........................
┌─Disk─────┐.┌─Network─┐
│ok........│.│ok.......│
└──────────┘.└─────────┘
default input.focused bg=-1
dark input.focused bg=4
== grid (dark theme) ==
# 24x8
┌─CPU──────┐.┌─Memory──┐
│ok........│.│ok.......│
│..........│.│.........│
└──────────┘.└─────────┘
........................
┌─Disk─────┐.┌─Network─┐
│ok........│.│ok.......│
└──────────┘.└─────────┘
debug-on=true
debug-off=false
