== command surface ==
  Run / helm.build [^B]  — Build Workspace
  Run / helm.run [F5]  — Run
  Run / helm.stop [S-F5]  — Stop
  Run / helm.test [^;]  — Run Tests
  Run / helm.runEngine  — Run (current engine)
  Run / helm.engine.oracle  — Engine: oracle
  Run / helm.engine.ir  — Engine: ir
  Run / helm.engine.llvm  — Engine: llvm
  View / helm.togglePanel [^`]  — Toggle Panel
  View / helm.palette [^P]  — Command Palette…
  File / helm.save [^S]  — Save
  File / helm.quit [^Q]  — Quit
  File / settings.save  — Save Settings
  File / settings.reload  — Reload Settings
  View / view.theme.default  — Theme: Default
  View / view.theme.dark  — Theme: Dark
  View / view.theme.light  — Theme: Light
  View / view.theme.highContrast  — Theme: High Contrast
  Edit / helm.search  — Find in Files…
== menu bar ==
bar: File  Edit  View  Run  Help
  File (4): helm.save, settings.save, settings.reload, helm.quit
  Edit (1): helm.search
  View (6): helm.togglePanel, helm.palette, view.theme.default, view.theme.dark, view.theme.light, view.theme.highContrast
  Run (8): helm.build, helm.run, helm.stop, helm.test, helm.runEngine, helm.engine.oracle, helm.engine.ir, helm.engine.llvm
  Help (0): 
== command palette — filter 'engine' ==
  Run (current engine) (helm.runEngine)
  Engine: oracle (helm.engine.oracle)
  Engine: ir (helm.engine.ir)
  Engine: llvm (helm.engine.llvm)
== assembled shell — initial ==
# 60x8
┌ channel 1: text ────────────────────────
File..Edit..View..Run..Help.................................
............................................................
............................................................
............................................................
............................................................
............................................................
[Terminal].Problems.Output.Test.............................
EDIT..⌥.agent1.................Ln.1,.Col.1..UTF-8..Leviathan
└─
┌ channel 2: style ────────────────────────
............................................................
............................................................
............................................................
............................................................
............................................................
............................................................
............................................................
............................................................
└─
== after a diagnostic batch + panel already revealed ==
# 60x8
┌ channel 1: text ────────────────────────
File..Edit..View..Run..Help.................................
............................................................
............................................................
............................................................
............................................................
............................................................
Terminal.[Problems].Output.Test.............................
EDIT..⌥.agent1..●.1..▲.1......Ln.12,.Col.5..UTF-8..Leviathan
└─
┌ channel 2: style ────────────────────────
............................................................
............................................................
............................................................
............................................................
............................................................
............................................................
............................................................
............................................................
└─
== toggle the panel dock off (^`) ==
# 60x8
┌ channel 1: text ────────────────────────
File..Edit..View..Run..Help.................................
............................................................
............................................................
............................................................
............................................................
............................................................
(panel.hidden)..............................................
EDIT..⌥.agent1..●.1..▲.1......Ln.12,.Col.5..UTF-8..Leviathan
└─
┌ channel 2: style ────────────────────────
............................................................
............................................................
............................................................
............................................................
............................................................
............................................................
............................................................
............................................................
└─
