true
0
10
11
10
16
4
3
17
10
11
10
split-add-3rd-throws
split-setLayout-throws
true
true
75
1
75
false
false
          │          
PPPPPPPPPP│QQQQQQQQQQ
1
1
1
10
4
1
1
11
5
┌──────────┐
│PPPP│QQQQQ│
└──────────┘
One,Two,Three
0
1
1
1
1
2
2
9
true
true
false
10
4
3333333333
‹  Three  
1
2
0
2
2
Tab 1,Tab 2
Alpha,Gamma
2
true
true
1
0
Alpha
0
true
‹CCC  DDDDD  EEEEE  
