== chord encode ==
x -> x
^S -> \19
M-a -> \ea
Tab -> \9
Enter -> \13
Up -> \e[A
Down -> \e[B
Left -> \e[D
Right -> \e[C
Home -> \e[H
End -> \e[F
PageUp -> \e[5~
Delete -> \e[3~
F1 -> \eOP
F5 -> \e[15~
F12 -> \e[24~
S-Up -> \e[1;2A
BackTab -> \e[Z
== round-trip ==
Char/0/x Char/4/S Char/2/a Tab/0/- Enter/0/- Up/0/- Down/0/- Left/0/- Right/0/- Home/0/- End/0/- PageUp/0/- Delete/0/- F1/0/- F5/0/- F12/0/- Up/1/- BackTab/0/- 
== two labels ==
# 12x3
┌ channel 1: text ────────────────────────
Hello.......
World.......
............
└─
┌ channel 2: style ────────────────────────
............
............
............
└─
== text only ==
# 12x3
Hello.......
World.......
............
== scripted input ==
f1keys=3
focus=two
presents=4
acquired=false
