== initial (README selected) ==
# 34x8
README.md....│┌─preview──────────┐
main.lev.....││#.Project.readme..│
trident.toml.││..................│
notes.txt....││..................│
.............││..................│
.............││..................│
.............│└──────────────────┘
file:.README.md.............q:quit
== after Down Down ==
# 34x8
README.md....│┌─preview──────────┐
main.lev.....││name.=."demo".....│
trident.toml.││..................│
notes.txt....││..................│
.............││..................│
.............││..................│
.............│└──────────────────┘
file:.trident.toml..........q:quit
selected=2
