== prompt-basic ==
pending: true
resolved: start.txt
== prompt-cancel-button ==
resolved: <None>
== prompt-escape ==
resolved: <None>
== prompt-validator ==
still pending after invalid submit: true
resolved: ok
== open-listing ==
# 60x20
............................................................
............................................................
............................................................
............................................................
┌─Open.File────────────────────────────────────────────────┐
│sandbox...................................................│
│┌────────────────────────────────────────────────────────┐│
││../.....................................................││
││alpha/..................................................││
││Beta/...................................................││
││apple.lev...............................................││
││Zebra.txt...............................................││
│└────────────────────────────────────────────────────────┘│
│..........................................................│
│[.Open.].[.Cancel.].......................................│
└──────────────────────────────────────────────────────────┘
............................................................
............................................................
............................................................
............................................................
== open-nav-descend-and-up ==
# 60x20
............................................................
............................................................
............................................................
............................................................
┌─Open.File────────────────────────────────────────────────┐
│sandbox/alpha.............................................│
│┌────────────────────────────────────────────────────────┐│
││../.....................................................││
││one.txt.................................................││
││........................................................││
││........................................................││
││........................................................││
│└────────────────────────────────────────────────────────┘│
│..........................................................│
│[.Open.].[.Cancel.].......................................│
└──────────────────────────────────────────────────────────┘
............................................................
............................................................
............................................................
............................................................
# 60x20
............................................................
............................................................
............................................................
............................................................
┌─Open.File────────────────────────────────────────────────┐
│sandbox...................................................│
│┌────────────────────────────────────────────────────────┐│
││../.....................................................││
││alpha/..................................................││
││Beta/...................................................││
││apple.lev...............................................││
││Zebra.txt...............................................││
│└────────────────────────────────────────────────────────┘│
│..........................................................│
│[.Open.].[.Cancel.].......................................│
└──────────────────────────────────────────────────────────┘
............................................................
............................................................
............................................................
............................................................
== open-path-jump ==
# 60x20
............................................................
............................................................
............................................................
............................................................
┌─Open.File────────────────────────────────────────────────┐
│sandbox/alpha.............................................│
│┌────────────────────────────────────────────────────────┐│
││../.....................................................││
││one.txt.................................................││
││........................................................││
││........................................................││
││........................................................││
│└────────────────────────────────────────────────────────┘│
│..........................................................│
│[.Open.].[.Cancel.].......................................│
└──────────────────────────────────────────────────────────┘
............................................................
............................................................
............................................................
............................................................
# 60x20
............................................................
............................................................
............................................................
............................................................
┌─Open.File────────────────────────────────────────────────┐
│sandbox/does-not-exist....................................│
│┌────────────────────────────────────────────────────────┐│
││../.....................................................││
││one.txt.................................................││
││........................................................││
││........................................................││
││........................................................││
│└────────────────────────────────────────────────────────┘│
│Not.a.directory:.sandbox/does-not-exist...................│
│[.Open.].[.Cancel.].......................................│
└──────────────────────────────────────────────────────────┘
............................................................
............................................................
............................................................
............................................................
== open-select-and-resolve ==
isReady: true
resolved: sandbox/apple.lev
== open-cancel ==
isReady: true
resolved: <None>
== open-no-selection ==
still pending: true
# 60x20
............................................................
............................................................
............................................................
............................................................
┌─Open.File────────────────────────────────────────────────┐
│sandbox...................................................│
│┌────────────────────────────────────────────────────────┐│
││../.....................................................││
││alpha/..................................................││
││Beta/...................................................││
││apple.lev...............................................││
││Zebra.txt...............................................││
│└────────────────────────────────────────────────────────┘│
│Select.a.file.to.open.....................................│
│[.Open.].[.Cancel.].......................................│
└──────────────────────────────────────────────────────────┘
............................................................
............................................................
............................................................
............................................................
== filter ==
# 60x20
............................................................
............................................................
............................................................
............................................................
┌─Open.File────────────────────────────────────────────────┐
│sandbox...................................................│
│┌────────────────────────────────────────────────────────┐│
││../.....................................................││
││alpha/..................................................││
││Beta/...................................................││
││apple.lev...............................................││
││........................................................││
│└────────────────────────────────────────────────────────┘│
│..........................................................│
│[.Open.].[.Cancel.].......................................│
└──────────────────────────────────────────────────────────┘
............................................................
............................................................
............................................................
............................................................
== save-new-name ==
# 60x20
............................................................
............................................................
............................................................
............................................................
┌─Save.File────────────────────────────────────────────────┐
│sandbox...................................................│
│┌────────────────────────────────────────────────────────┐│
││../.....................................................││
││alpha/..................................................││
││Beta/...................................................││
││apple.lev...............................................││
│└────────────────────────────────────────────────────────┘│
│newfile.txt...............................................│
│..........................................................│
│[.Save.].[.Cancel.].......................................│
└──────────────────────────────────────────────────────────┘
............................................................
............................................................
............................................................
............................................................
isReady: true
resolved: sandbox/newfile.txt
== save-empty-name ==
still pending: true
# 60x20
............................................................
............................................................
............................................................
............................................................
┌─Save.File────────────────────────────────────────────────┐
│sandbox...................................................│
│┌────────────────────────────────────────────────────────┐│
││../.....................................................││
││alpha/..................................................││
││Beta/...................................................││
││apple.lev...............................................││
│└────────────────────────────────────────────────────────┘│
│..........................................................│
│Enter.a.file.name.........................................│
│[.Save.].[.Cancel.].......................................│
└──────────────────────────────────────────────────────────┘
............................................................
............................................................
............................................................
............................................................
== save-activate-fills-name ==
still pending: true
# 60x20
............................................................
............................................................
............................................................
............................................................
┌─Save.File────────────────────────────────────────────────┐
│sandbox...................................................│
│┌────────────────────────────────────────────────────────┐│
││../.....................................................││
││alpha/..................................................││
││Beta/...................................................││
││apple.lev...............................................││
│└────────────────────────────────────────────────────────┘│
│apple.lev.................................................│
│..........................................................│
│[.Save.].[.Cancel.].......................................│
└──────────────────────────────────────────────────────────┘
............................................................
............................................................
............................................................
............................................................
== save-overwrite-yes ==
isReady: true
resolved: sandbox/apple.lev
== save-overwrite-no ==
still pending after No: true
# 60x20
............................................................
............................................................
............................................................
............................................................
┌─Save.File────────────────────────────────────────────────┐
│sandbox...................................................│
│┌────────────────────────────────────────────────────────┐│
││../.....................................................││
││alpha/..................................................││
││Beta/...................................................││
││apple.lev...............................................││
│└────────────────────────────────────────────────────────┘│
│apple.lev.................................................│
│..........................................................│
│[.Save.].[.Cancel.].......................................│
└──────────────────────────────────────────────────────────┘
............................................................
............................................................
............................................................
............................................................
== vanished-entry ==
still pending: true
# 60x20
............................................................
............................................................
............................................................
............................................................
┌─Open.File────────────────────────────────────────────────┐
│sandbox2..................................................│
│┌────────────────────────────────────────────────────────┐│
││../.....................................................││
││........................................................││
││........................................................││
││........................................................││
││........................................................││
│└────────────────────────────────────────────────────────┘│
│No.longer.exists:.temp.txt................................│
│[.Open.].[.Cancel.].......................................│
└──────────────────────────────────────────────────────────┘
............................................................
............................................................
............................................................
............................................................
== startdir-memory ==
first session resolved: <None>
# 60x20
............................................................
............................................................
............................................................
............................................................
┌─Open.File────────────────────────────────────────────────┐
│sandbox/alpha.............................................│
│┌────────────────────────────────────────────────────────┐│
││../.....................................................││
││one.txt.................................................││
││........................................................││
││........................................................││
││........................................................││
│└────────────────────────────────────────────────────────┘│
│..........................................................│
│[.Open.].[.Cancel.].......................................│
└──────────────────────────────────────────────────────────┘
............................................................
............................................................
............................................................
............................................................
== resolve-once-double-enter ==
isReady: true
resolved: sandbox/apple.lev
done
