--- a ---
a 0 0
a 0 1
close 1
close 1
a-done
--- b ---
b 0
close 2
close 1
close 2
close 1
b-done
--- c ---
c 0 0
close 20
c 0 1
close 20
close 10
close 20
close 10
c-done
--- d1 ---
d1 0 0
close 1
d1 1 0
close 1
d1-done
--- d2 ---
close 2
close 1
d2 1
close 2
close 1
d2-done
--- d3 ---
close 20
close 10
d3 1 0
close 20
d3 1 1
close 20
close 10
d3-done
--- e ---
e 0 0
close 1
close 1
e-after-inner 0
e 1 0
close 1
close 1
e-done
--- f ---
closing 0
caught: close-fail 0
f-done
--- g ---
g 0 0
close 9
close 9
g-after-inner 0
g 1 0
close 9
close 9
g-done
