== name filled ==
# 30x9
Sign.up.......................
Ada...........................
email.........................
[.].Subscribe.to.updates......
(.).Free......................
(.).Pro.......................
(.).Enterprise................
[.Submit.]....................
..............................
focus-is-checkbox=true
bad-email-valid=false
good-email-valid=true
status=submitted: Ada
