01L:true
01I:true
02L:true
02I:true
03L:true
03I:true
04L:true
04I:true
05L:true
05I:true
06L:true
06I:true
07L:true
07I:true
08L:true
08I:true
09L:false
09I:false
10L:false
10I:true
11L:false
11I:true
12L:true
12I:true
13L:false
13I:false
14L:true
14I:true
15L:false
15I:false
16L:true
16I:true
17L:false
17I:false
18L:false
18I:false
19L:true
19I:true
20L:true
20I:true
21L:true
21I:true
22L:true
22I:true
23L:false
23I:false
24L:true
24I:true
25L:false
25I:true
