== tier A serialized (dom!) ==
<flex id="shell" class="panel main" width="80" height="24" padding="1" title="ignored"><bar dock="Top"><menubar><menu title="File"><menuitem action="open"></menuitem><separator></separator><menuitem action="quit"></menuitem></menu></menubar></bar><split><tree title="Files"></tree><tabs><box title="Editor"><span>Editing</span><span>notes.txt</span><span align="Center" wrap="Wrap">styled</span><text>plain</text><input id="name" placeholder="your name" value="len" maxLength="20">len</input><checkbox checked="true" label="pre"></checkbox><radiogroup></radiogroup><progress flex="1"></progress><spinner class="hidden" hidden="true"></spinner></box><table title="Rows"></table></tabs></split><contentbar dock="Bottom"><span>Ready</span></contentbar><statusbar></statusbar><modal title="Confirm"><button id="okBtn" row="1" col="2" rowSpan="1" colSpan="2">OK</button></modal></flex>
== tier equivalence (same markup -> same tree, all tiers) ==
true
true
== id field bindings ==
your name
OK
5
== registry reverse-match (post-D03 rows) ==
flex
contentbar
span
== dom!-only payload ==
<flex><span>build</span><span>7</span><checkbox></checkbox><checkbox></checkbox><span>help</span><button id="saveBtn">Save</button><Gizmo spin="3"></Gizmo></flex>
read
write
1
== fragment auto-wrap ==
true
2
== tier-2 registry-coverage ==
true
true
true
true
== tier-3 ladder ==
hello
hello
true
false
world
world
true
false
Click
Click
true
hello span
hello span
true
false
== tier-4 round-trip ==
true
