eq:false:false
eq:true:true
ne:true:true
ne:false:false
lt:false:false
lt:false:false
le:false:false
le:true:true
gt:true:true
gt:false:false
ge:true:true
ge:true:true
and:true:true
and:true:true
or:true:true
or:false:false
not:true:true
not:false:false
plus:33:33
minus:27:27
times:90:90
div:10:10
mod:2:2
neg:-30:-30
