== plain text, two lines ==
-- after feed --
# 12x4
┌ channel 1: text ────────────────────────
hello.......
world.......
............
............
└─
┌ channel 2: style ────────────────────────
............
............
............
............
└─
cursor: 1,5
== autowrap at the right edge ==
-- after 17 chars in a 10-col screen --
# 10x3
┌ channel 1: text ────────────────────────
0123456789
wrapped...
..........
└─
┌ channel 2: style ────────────────────────
..........
..........
..........
└─
== CR without LF overwrites the line ==
-- after CR overwrite --
# 10x2
┌ channel 1: text ────────────────────────
XYcdef....
..........
└─
┌ channel 2: style ────────────────────────
..........
..........
└─
== SGR colors + reverse ==
-- sgr --
# 10x1
┌ channel 1: text ────────────────────────
red.rev...
└─
┌ channel 2: style ────────────────────────
AAA.BBB...
└─
A = fg:red bg:default attrs:none
B = fg:default bg:default attrs:reverse
== cursor motion (CUP/CUD) ==
-- after CUP writes --
# 10x4
┌ channel 1: text ────────────────────────
top.......
..........
..mid.....
..........
└─
┌ channel 2: style ────────────────────────
..........
..........
..........
..........
└─
-- after CUD+char --
# 10x4
┌ channel 1: text ────────────────────────
top.......
..........
..mZd.....
..........
└─
┌ channel 2: style ────────────────────────
..........
..........
..........
..........
└─
== erase (EL/ED) ==
-- after EL0 --
# 8x3
┌ channel 1: text ────────────────────────
aaaaaaa.
bb......
ccccccc.
└─
┌ channel 2: style ────────────────────────
........
........
........
└─
-- after ED0 from home --
# 8x3
┌ channel 1: text ────────────────────────
........
........
........
└─
┌ channel 2: style ────────────────────────
........
........
........
└─
== scroll on LF past bottom ==
-- after 4 lines in a 3-row screen --
# 6x3
┌ channel 1: text ────────────────────────
three.
four..
......
└─
┌ channel 2: style ────────────────────────
......
......
......
└─
== alt screen preserves primary content ==
-- primary before alt --
# 8x2
┌ channel 1: text ────────────────────────
primary2
........
└─
┌ channel 2: style ────────────────────────
........
........
└─
-- in alt screen --
# 8x2
┌ channel 1: text ────────────────────────
altscrn.
........
└─
┌ channel 2: style ────────────────────────
........
........
└─
-- back to primary --
# 8x2
┌ channel 1: text ────────────────────────
primary2
........
└─
┌ channel 2: style ────────────────────────
........
........
└─
== TerminalView headless paint (no Pty) ==
-- after feed --
# 12x3
┌ channel 1: text ────────────────────────
hi.there....
row2........
............
└─
┌ channel 2: style ────────────────────────
............
............
............
└─
@cursor 4,1
== TerminalView + Pty::Deterministic(/bin/echo) ==
-- after echo exits --
# 20x2
┌ channel 1: text ────────────────────────
hello.pty...........
....................
└─
┌ channel 2: style ────────────────────────
....................
....................
└─
@cursor 0,1
running: n
== PtyBridge direct: /bin/cat echoes input back (VEOF protocol) ==
data:ping
exit:0
running: n
